{
  "resourceMap" : {
    "colours" : [ "0000ffff", "ff0000ff", "ffffffff", "313d5aff", "000000ff", "cbc5eaff", "eaeaeaff" ],
    "fonts" : [ {
      "type" : "resource",
      "ref" : 1,
      "name" : "Shade Blue",
      "type" : "ttf"
    } ],
    "styles" : [ { }, {
      "colour" : 0
    }, {
      "font" : 0,
      "colour" : 1
    }, {
      "underlined" : false,
      "splitLate" : true,
      "splitRows" : true
    }, {
      "fontStyle" : "Bold",
      "size" : 12.0,
      "colour" : 2,
      "align" : "Center",
      "cellBackground" : 3,
      "paddingTop" : 4.0,
      "paddingBottom" : 8.0,
      "paddingLeft" : 8.0,
      "paddingRight" : 8.0,
      "borderWidthTop" : 0.5,
      "borderWidthBottom" : 0.5,
      "borderWidthLeft" : 0.5,
      "borderWidthRight" : 0.5,
      "borderColourTop" : 2,
      "borderColourBottom" : 2,
      "borderColourLeft" : 2,
      "borderColourRight" : 2
    }, {
      "fontStyle" : "Plain",
      "size" : 10.0,
      "colour" : 4,
      "align" : "Left",
      "cellBackground" : 5,
      "paddingTop" : 4.0,
      "paddingBottom" : 8.0,
      "paddingLeft" : 8.0,
      "paddingRight" : 8.0,
      "borderWidthTop" : 0.5,
      "borderWidthBottom" : 0.5,
      "borderWidthLeft" : 0.5,
      "borderWidthRight" : 0.5,
      "borderColourTop" : 2,
      "borderColourBottom" : 2,
      "borderColourLeft" : 2,
      "borderColourRight" : 2
    }, {
      "align" : "Center",
      "valign" : "Middle"
    }, {
      "borderWidthTop" : 0.0,
      "borderWidthBottom" : 0.0,
      "borderWidthLeft" : 0.0,
      "borderWidthRight" : 0.0
    }, {
      "fontStyle" : "Bold",
      "size" : 14.0
    }, {
      "align" : "Right"
    }, {
      "leading" : {
        "fixed" : 0.0,
        "multiplier" : 2.0
      },
      "align" : "Justified",
      "paddingBottom" : 24.0
    }, {
      "size" : 10.0,
      "cellBackground" : 2,
      "borderWidthTop" : 1.0,
      "borderWidthBottom" : 1.0,
      "borderWidthLeft" : 1.0,
      "borderWidthRight" : 1.0,
      "borderColourTop" : 3,
      "borderColourBottom" : 3,
      "borderColourLeft" : 3,
      "borderColourRight" : 3
    }, {
      "fontStyle" : "Bold",
      "size" : 10.0,
      "colour" : 2,
      "cellBackground" : 3,
      "borderColourBottom" : 2
    }, {
      "fontStyle" : "Bold",
      "size" : 10.0,
      "colour" : 2,
      "cellBackground" : 3
    }, {
      "fontStyle" : "Plain",
      "size" : 10.0,
      "colour" : 4,
      "align" : "Left",
      "cellBackground" : 6,
      "paddingTop" : 4.0,
      "paddingBottom" : 8.0,
      "paddingLeft" : 8.0,
      "paddingRight" : 8.0,
      "borderWidthTop" : 0.5,
      "borderWidthBottom" : 0.5,
      "borderWidthLeft" : 0.5,
      "borderWidthRight" : 0.5,
      "borderColourTop" : 2,
      "borderColourBottom" : 2,
      "borderColourLeft" : 2,
      "borderColourRight" : 2
    } ],
    "stationary" : [ {
      "template" : 0,
      "templatePage" : 1,
      "width" : 595.92,
      "height" : 842.88,
      "blocks" : {
        "main" : {
          "x" : 36.0,
          "y" : 36.0,
          "w" : 523.92,
          "h" : 770.88
        }
      },
      "contentFlow" : [ "main" ]
    } ],
    "resourceLocations" : [ {
      "type" : "local",
      "name" : "blank-a4-portrait"
    }, {
      "type" : "custom",
      "providerName" : "custom",
      "name" : "ShadeBlue-2OozX.ttf"
    }, {
      "type" : "local",
      "name" : "musicians/hendrix.png"
    }, {
      "type" : "local",
      "name" : "spades.png"
    }, {
      "type" : "local",
      "name" : "musicians/gilmour.png"
    }, {
      "type" : "local",
      "name" : "musicians/gallagher.jpeg"
    }, {
      "type" : "local",
      "name" : "musicians/zappa.png"
    }, {
      "type" : "local",
      "name" : "musicians/blondie.png"
    } ]
  },
  "pages" : [ {
    "stationary" : [ 0 ],
    "content" : {
      "type" : "c",
      "children" : [ {
        "type" : "s",
        "ref" : 0,
        "children" : [ {
          "type" : "p",
          "children" : [ {
            "type" : "ph",
            "children" : [ {
              "type" : "ch",
              "text" : "Here is a paragraph with an empty style "
            } ]
          }, {
            "type" : "s",
            "ref" : 1,
            "children" : [ {
              "type" : "ph",
              "children" : [ {
                "type" : "l",
                "target" : "#link",
                "text" : "Link"
              } ]
            } ]
          } ]
        } ]
      } ]
    },
    "blockContent" : { }
  }, {
    "stationary" : [ 0 ],
    "content" : {
      "type" : "c",
      "children" : [ {
        "type" : "p",
        "children" : [ {
          "type" : "ph",
          "children" : [ {
            "type" : "a",
            "name" : "link",
            "children" : [ {
              "type" : "ch",
              "text" : "Here's an anchor"
            } ]
          } ]
        } ]
      } ]
    },
    "blockContent" : { }
  }, {
    "stationary" : [ 0 ],
    "style" : 2,
    "content" : {
      "type" : "c",
      "children" : [ {
        "type" : "s",
        "ref" : 3,
        "children" : [ {
          "type" : "t",
          "columns" : 2,
          "weights" : [ 2.0, 3.0 ],
          "headerRows" : 1,
          "extend" : false,
          "children" : [ {
            "type" : "s",
            "ref" : 4,
            "children" : [ {
              "type" : "tx",
              "phrase" : {
                "type" : "ph",
                "children" : [ {
                  "type" : "ch",
                  "text" : "Musician"
                } ]
              }
            }, {
              "type" : "tx",
              "phrase" : {
                "type" : "ph",
                "children" : [ {
                  "type" : "ch",
                  "text" : "Details"
                } ]
              }
            } ]
          }, {
            "type" : "s",
            "ref" : 5,
            "children" : [ {
              "type" : "s",
              "ref" : 6,
              "children" : [ {
                "type" : "ti",
                "colSpan" : 1,
                "rowSpan" : 1,
                "image" : {
                  "type" : "im",
                  "ref" : 2,
                  "width" : 200.0,
                  "height" : 200.0
                }
              } ]
            }, {
              "type" : "tt",
              "margin" : {
                "top" : 0.0,
                "bottom" : 0.0,
                "left" : 0.0,
                "right" : 0.0
              },
              "table" : {
                "type" : "t",
                "columns" : 1,
                "widthPercentage" : 100.0,
                "style" : 7,
                "children" : [ {
                  "type" : "tt",
                  "margin" : {
                    "top" : 0.0,
                    "bottom" : 0.0,
                    "left" : 0.0,
                    "right" : 0.0
                  },
                  "table" : {
                    "type" : "t",
                    "columns" : 2,
                    "widthPercentage" : 100.0,
                    "children" : [ {
                      "type" : "s",
                      "ref" : 8,
                      "children" : [ {
                        "type" : "tx",
                        "phrase" : {
                          "type" : "ph",
                          "children" : [ {
                            "type" : "ch",
                            "text" : "Jimi Hendrix"
                          } ]
                        }
                      } ]
                    }, {
                      "type" : "s",
                      "ref" : 9,
                      "children" : [ {
                        "type" : "tq",
                        "colSpan" : 1,
                        "rowSpan" : 1,
                        "qrCode" : {
                          "type" : "qr",
                          "link" : "https://en.wikipedia.org/wiki/Jimi_Hendrix",
                          "style" : {
                            "shape" : "Square",
                            "colour" : 4,
                            "background" : 5,
                            "size" : 50,
                            "logo" : {
                              "ref" : 3,
                              "width" : 300,
                              "height" : 300,
                              "clearLogoArea" : true
                            }
                          }
                        }
                      } ]
                    } ]
                  }
                }, {
                  "type" : "s",
                  "ref" : 10,
                  "children" : [ {
                    "type" : "tx",
                    "phrase" : {
                      "type" : "ph",
                      "children" : [ {
                        "type" : "ch",
                        "text" : "Born in Seattle, Washington, Hendrix began playing guitar at age 15. In 1961, he enlisted in the US Army, but was discharged the following year. Soon afterward, he moved to Clarksville, then Nashville, Tennessee, and began playing gigs on the chitlin' circuit, earning a place in the Isley Brothers' backing band and later with Little Richard, with whom he continued to work through mid-1965. He then played with Curtis Knight and the Squires before moving to England in late 1966 after bassist Chas Chandler of the Animals became his manager. Within months, Hendrix had earned three UK top ten hits with his band"
                      } ]
                    }
                  } ]
                }, {
                  "type" : "tt",
                  "margin" : {
                    "top" : 0.0,
                    "bottom" : 0.0,
                    "left" : 24.0,
                    "right" : 24.0
                  },
                  "table" : {
                    "type" : "t",
                    "columns" : 1,
                    "widthPercentage" : 100.0,
                    "children" : [ {
                      "type" : "tt",
                      "margin" : {
                        "top" : 0.0,
                        "bottom" : 0.0,
                        "left" : 0.0,
                        "right" : 0.0
                      },
                      "table" : {
                        "type" : "t",
                        "columns" : 2,
                        "widthPercentage" : 100.0,
                        "weights" : [ 1.0, 3.0 ],
                        "style" : 11,
                        "children" : [ {
                          "type" : "s",
                          "ref" : 12,
                          "children" : [ {
                            "type" : "tx",
                            "phrase" : {
                              "type" : "ph",
                              "children" : [ {
                                "type" : "ch",
                                "text" : "DOB"
                              } ]
                            }
                          } ]
                        }, {
                          "type" : "tx",
                          "phrase" : {
                            "type" : "ph",
                            "children" : [ {
                              "type" : "ch",
                              "text" : "1942-10-27"
                            } ]
                          }
                        }, {
                          "type" : "s",
                          "ref" : 13,
                          "children" : [ {
                            "type" : "tx",
                            "phrase" : {
                              "type" : "ph",
                              "children" : [ {
                                "type" : "ch",
                                "text" : "Address"
                              } ]
                            }
                          } ]
                        }, {
                          "type" : "tx",
                          "phrase" : {
                            "type" : "ph",
                            "children" : [ {
                              "type" : "ch",
                              "text" : "25 Brook Street, W1K 4HB"
                            } ]
                          }
                        } ]
                      }
                    } ]
                  }
                }, {
                  "type" : "tx",
                  "phrase" : {
                    "type" : "ph",
                    "children" : [ {
                      "type" : "ch",
                      "text" : " "
                    } ]
                  }
                } ]
              }
            } ]
          }, {
            "type" : "s",
            "ref" : 14,
            "children" : [ {
              "type" : "s",
              "ref" : 6,
              "children" : [ {
                "type" : "ti",
                "colSpan" : 1,
                "rowSpan" : 1,
                "image" : {
                  "type" : "im",
                  "ref" : 4,
                  "width" : 200.0,
                  "height" : 200.0
                }
              } ]
            }, {
              "type" : "tt",
              "margin" : {
                "top" : 0.0,
                "bottom" : 0.0,
                "left" : 0.0,
                "right" : 0.0
              },
              "table" : {
                "type" : "t",
                "columns" : 1,
                "widthPercentage" : 100.0,
                "style" : 7,
                "children" : [ {
                  "type" : "tt",
                  "margin" : {
                    "top" : 0.0,
                    "bottom" : 0.0,
                    "left" : 0.0,
                    "right" : 0.0
                  },
                  "table" : {
                    "type" : "t",
                    "columns" : 2,
                    "widthPercentage" : 100.0,
                    "children" : [ {
                      "type" : "s",
                      "ref" : 8,
                      "children" : [ {
                        "type" : "tx",
                        "phrase" : {
                          "type" : "ph",
                          "children" : [ {
                            "type" : "ch",
                            "text" : "David Gilmour"
                          } ]
                        }
                      } ]
                    }, {
                      "type" : "s",
                      "ref" : 9,
                      "children" : [ {
                        "type" : "tq",
                        "colSpan" : 1,
                        "rowSpan" : 1,
                        "qrCode" : {
                          "type" : "qr",
                          "link" : "https://en.wikipedia.org/wiki/David_Gilmour",
                          "style" : {
                            "shape" : "Square",
                            "colour" : 4,
                            "background" : 6,
                            "size" : 50,
                            "logo" : {
                              "ref" : 3,
                              "width" : 300,
                              "height" : 300,
                              "clearLogoArea" : true
                            }
                          }
                        }
                      } ]
                    } ]
                  }
                }, {
                  "type" : "s",
                  "ref" : 10,
                  "children" : [ {
                    "type" : "tx",
                    "phrase" : {
                      "type" : "ph",
                      "children" : [ {
                        "type" : "ch",
                        "text" : "As a member of Pink Floyd, Gilmour was inducted into the US Rock and Roll Hall of Fame in 1996, and the UK Music Hall of Fame in 2005. In 2003, Gilmour was made a Commander of the Order of the British Empire (CBE). He received the award for Outstanding Contribution at the 2008 Q Awards.[4] In 2023, Rolling Stone named him the 28th-greatest guitarist."
                      } ]
                    }
                  } ]
                }, {
                  "type" : "tt",
                  "margin" : {
                    "top" : 0.0,
                    "bottom" : 0.0,
                    "left" : 24.0,
                    "right" : 24.0
                  },
                  "table" : {
                    "type" : "t",
                    "columns" : 1,
                    "widthPercentage" : 100.0,
                    "children" : [ {
                      "type" : "tt",
                      "margin" : {
                        "top" : 0.0,
                        "bottom" : 0.0,
                        "left" : 0.0,
                        "right" : 0.0
                      },
                      "table" : {
                        "type" : "t",
                        "columns" : 2,
                        "widthPercentage" : 100.0,
                        "weights" : [ 1.0, 3.0 ],
                        "style" : 11,
                        "children" : [ {
                          "type" : "s",
                          "ref" : 12,
                          "children" : [ {
                            "type" : "tx",
                            "phrase" : {
                              "type" : "ph",
                              "children" : [ {
                                "type" : "ch",
                                "text" : "DOB"
                              } ]
                            }
                          } ]
                        }, {
                          "type" : "tx",
                          "phrase" : {
                            "type" : "ph",
                            "children" : [ {
                              "type" : "ch",
                              "text" : "1946-03-06"
                            } ]
                          }
                        }, {
                          "type" : "s",
                          "ref" : 13,
                          "children" : [ {
                            "type" : "tx",
                            "phrase" : {
                              "type" : "ph",
                              "children" : [ {
                                "type" : "ch",
                                "text" : "Address"
                              } ]
                            }
                          } ]
                        }, {
                          "type" : "tx",
                          "phrase" : {
                            "type" : "ph",
                            "children" : [ {
                              "type" : "ch",
                              "text" : "1 Globe House, N8 8PN"
                            } ]
                          }
                        } ]
                      }
                    } ]
                  }
                }, {
                  "type" : "tx",
                  "phrase" : {
                    "type" : "ph",
                    "children" : [ {
                      "type" : "ch",
                      "text" : " "
                    } ]
                  }
                } ]
              }
            } ]
          }, {
            "type" : "s",
            "ref" : 5,
            "children" : [ {
              "type" : "s",
              "ref" : 6,
              "children" : [ {
                "type" : "ti",
                "colSpan" : 1,
                "rowSpan" : 1,
                "image" : {
                  "type" : "im",
                  "ref" : 5,
                  "width" : 200.0,
                  "height" : 200.0
                }
              } ]
            }, {
              "type" : "tt",
              "margin" : {
                "top" : 0.0,
                "bottom" : 0.0,
                "left" : 0.0,
                "right" : 0.0
              },
              "table" : {
                "type" : "t",
                "columns" : 1,
                "widthPercentage" : 100.0,
                "style" : 7,
                "children" : [ {
                  "type" : "tt",
                  "margin" : {
                    "top" : 0.0,
                    "bottom" : 0.0,
                    "left" : 0.0,
                    "right" : 0.0
                  },
                  "table" : {
                    "type" : "t",
                    "columns" : 2,
                    "widthPercentage" : 100.0,
                    "children" : [ {
                      "type" : "s",
                      "ref" : 8,
                      "children" : [ {
                        "type" : "tx",
                        "phrase" : {
                          "type" : "ph",
                          "children" : [ {
                            "type" : "ch",
                            "text" : "Rory Gallagher"
                          } ]
                        }
                      } ]
                    }, {
                      "type" : "s",
                      "ref" : 9,
                      "children" : [ {
                        "type" : "tq",
                        "colSpan" : 1,
                        "rowSpan" : 1,
                        "qrCode" : {
                          "type" : "qr",
                          "link" : "https://en.wikipedia.org/wiki/Rory_Gallagher",
                          "style" : {
                            "shape" : "Square",
                            "colour" : 4,
                            "background" : 5,
                            "size" : 50,
                            "logo" : {
                              "ref" : 3,
                              "width" : 300,
                              "height" : 300,
                              "clearLogoArea" : true
                            }
                          }
                        }
                      } ]
                    } ]
                  }
                }, {
                  "type" : "s",
                  "ref" : 10,
                  "children" : [ {
                    "type" : "tx",
                    "phrase" : {
                      "type" : "ph",
                      "children" : [ {
                        "type" : "ch",
                        "text" : "In 1966, Gallagher formed the blues rock power trio Taste, which experienced moderate commercial success and popularity in the United Kingdom. After the dissolution of Taste, Gallagher pursued a solo career, releasing music throughout the 1970s and 1980s and selling more than 30 million records worldwide."
                      } ]
                    }
                  } ]
                }, {
                  "type" : "tt",
                  "margin" : {
                    "top" : 0.0,
                    "bottom" : 0.0,
                    "left" : 24.0,
                    "right" : 24.0
                  },
                  "table" : {
                    "type" : "t",
                    "columns" : 1,
                    "widthPercentage" : 100.0,
                    "children" : [ {
                      "type" : "tt",
                      "margin" : {
                        "top" : 0.0,
                        "bottom" : 0.0,
                        "left" : 0.0,
                        "right" : 0.0
                      },
                      "table" : {
                        "type" : "t",
                        "columns" : 2,
                        "widthPercentage" : 100.0,
                        "weights" : [ 1.0, 3.0 ],
                        "style" : 11,
                        "children" : [ {
                          "type" : "s",
                          "ref" : 12,
                          "children" : [ {
                            "type" : "tx",
                            "phrase" : {
                              "type" : "ph",
                              "children" : [ {
                                "type" : "ch",
                                "text" : "DOB"
                              } ]
                            }
                          } ]
                        }, {
                          "type" : "tx",
                          "phrase" : {
                            "type" : "ph",
                            "children" : [ {
                              "type" : "ch",
                              "text" : "1948-03-02"
                            } ]
                          }
                        }, {
                          "type" : "s",
                          "ref" : 13,
                          "children" : [ {
                            "type" : "tx",
                            "phrase" : {
                              "type" : "ph",
                              "children" : [ {
                                "type" : "ch",
                                "text" : "Address"
                              } ]
                            }
                          } ]
                        }, {
                          "type" : "tx",
                          "phrase" : {
                            "type" : "ph",
                            "children" : [ {
                              "type" : "ch",
                              "text" : "Ballyshannon, County Donegal"
                            } ]
                          }
                        } ]
                      }
                    } ]
                  }
                }, {
                  "type" : "tx",
                  "phrase" : {
                    "type" : "ph",
                    "children" : [ {
                      "type" : "ch",
                      "text" : " "
                    } ]
                  }
                } ]
              }
            } ]
          }, {
            "type" : "s",
            "ref" : 14,
            "children" : [ {
              "type" : "s",
              "ref" : 6,
              "children" : [ {
                "type" : "ti",
                "colSpan" : 1,
                "rowSpan" : 1,
                "image" : {
                  "type" : "im",
                  "ref" : 6,
                  "width" : 200.0,
                  "height" : 200.0
                }
              } ]
            }, {
              "type" : "tt",
              "margin" : {
                "top" : 0.0,
                "bottom" : 0.0,
                "left" : 0.0,
                "right" : 0.0
              },
              "table" : {
                "type" : "t",
                "columns" : 1,
                "widthPercentage" : 100.0,
                "style" : 7,
                "children" : [ {
                  "type" : "tt",
                  "margin" : {
                    "top" : 0.0,
                    "bottom" : 0.0,
                    "left" : 0.0,
                    "right" : 0.0
                  },
                  "table" : {
                    "type" : "t",
                    "columns" : 2,
                    "widthPercentage" : 100.0,
                    "children" : [ {
                      "type" : "s",
                      "ref" : 8,
                      "children" : [ {
                        "type" : "tx",
                        "phrase" : {
                          "type" : "ph",
                          "children" : [ {
                            "type" : "ch",
                            "text" : "Frank Zappa"
                          } ]
                        }
                      } ]
                    }, {
                      "type" : "s",
                      "ref" : 9,
                      "children" : [ {
                        "type" : "tq",
                        "colSpan" : 1,
                        "rowSpan" : 1,
                        "qrCode" : {
                          "type" : "qr",
                          "link" : "https://en.wikipedia.org/wiki/Frank_Zappa",
                          "style" : {
                            "shape" : "Square",
                            "colour" : 4,
                            "background" : 6,
                            "size" : 50,
                            "logo" : {
                              "ref" : 3,
                              "width" : 300,
                              "height" : 300,
                              "clearLogoArea" : true
                            }
                          }
                        }
                      } ]
                    } ]
                  }
                }, {
                  "type" : "s",
                  "ref" : 10,
                  "children" : [ {
                    "type" : "tx",
                    "phrase" : {
                      "type" : "ph",
                      "children" : [ {
                        "type" : "ch",
                        "text" : "As a mostly self-taught composer and performer, Zappa had diverse musical influences that led him  to create music that was sometimes difficult to categorize. While in his teens, he acquired a taste  for 20th-century classical modernism, African-American rhythm and blues, and doo-wop music.[7] He  began writing classical music in high school, while simultaneously playing drums in rhythm and  blues bands, later switching to electric guitar. His debut studio album with the Mothers of  Invention, Freak Out! (1966), combined satirical but seemingly conventional rock and roll songs  with extended sound collages. He continued this eclectic and experimental approach throughout his career."
                      } ]
                    }
                  } ]
                }, {
                  "type" : "tt",
                  "margin" : {
                    "top" : 0.0,
                    "bottom" : 0.0,
                    "left" : 24.0,
                    "right" : 24.0
                  },
                  "table" : {
                    "type" : "t",
                    "columns" : 1,
                    "widthPercentage" : 100.0,
                    "children" : [ {
                      "type" : "tt",
                      "margin" : {
                        "top" : 0.0,
                        "bottom" : 0.0,
                        "left" : 0.0,
                        "right" : 0.0
                      },
                      "table" : {
                        "type" : "t",
                        "columns" : 2,
                        "widthPercentage" : 100.0,
                        "weights" : [ 1.0, 3.0 ],
                        "style" : 11,
                        "children" : [ {
                          "type" : "s",
                          "ref" : 12,
                          "children" : [ {
                            "type" : "tx",
                            "phrase" : {
                              "type" : "ph",
                              "children" : [ {
                                "type" : "ch",
                                "text" : "DOB"
                              } ]
                            }
                          } ]
                        }, {
                          "type" : "tx",
                          "phrase" : {
                            "type" : "ph",
                            "children" : [ {
                              "type" : "ch",
                              "text" : "1940-12-21"
                            } ]
                          }
                        }, {
                          "type" : "s",
                          "ref" : 13,
                          "children" : [ {
                            "type" : "tx",
                            "phrase" : {
                              "type" : "ph",
                              "children" : [ {
                                "type" : "ch",
                                "text" : "Address"
                              } ]
                            }
                          } ]
                        }, {
                          "type" : "tx",
                          "phrase" : {
                            "type" : "ph",
                            "children" : [ {
                              "type" : "ch",
                              "text" : "Baltimore, Maryland, U.S."
                            } ]
                          }
                        } ]
                      }
                    } ]
                  }
                }, {
                  "type" : "tx",
                  "phrase" : {
                    "type" : "ph",
                    "children" : [ {
                      "type" : "ch",
                      "text" : " "
                    } ]
                  }
                } ]
              }
            } ]
          }, {
            "type" : "s",
            "ref" : 5,
            "children" : [ {
              "type" : "s",
              "ref" : 6,
              "children" : [ {
                "type" : "ti",
                "colSpan" : 1,
                "rowSpan" : 1,
                "image" : {
                  "type" : "im",
                  "ref" : 7,
                  "width" : 200.0,
                  "height" : 200.0
                }
              } ]
            }, {
              "type" : "tt",
              "margin" : {
                "top" : 0.0,
                "bottom" : 0.0,
                "left" : 0.0,
                "right" : 0.0
              },
              "table" : {
                "type" : "t",
                "columns" : 1,
                "widthPercentage" : 100.0,
                "style" : 7,
                "children" : [ {
                  "type" : "tt",
                  "margin" : {
                    "top" : 0.0,
                    "bottom" : 0.0,
                    "left" : 0.0,
                    "right" : 0.0
                  },
                  "table" : {
                    "type" : "t",
                    "columns" : 2,
                    "widthPercentage" : 100.0,
                    "children" : [ {
                      "type" : "s",
                      "ref" : 8,
                      "children" : [ {
                        "type" : "tx",
                        "phrase" : {
                          "type" : "ph",
                          "children" : [ {
                            "type" : "ch",
                            "text" : "Debbie Harry"
                          } ]
                        }
                      } ]
                    }, {
                      "type" : "s",
                      "ref" : 9,
                      "children" : [ {
                        "type" : "tq",
                        "colSpan" : 1,
                        "rowSpan" : 1,
                        "qrCode" : {
                          "type" : "qr",
                          "link" : "https://en.wikipedia.org/wiki/Debbie_Harry",
                          "style" : {
                            "shape" : "Square",
                            "colour" : 4,
                            "background" : 5,
                            "size" : 50,
                            "logo" : {
                              "ref" : 3,
                              "width" : 300,
                              "height" : 300,
                              "clearLogoArea" : true
                            }
                          }
                        }
                      } ]
                    } ]
                  }
                }, {
                  "type" : "s",
                  "ref" : 10,
                  "children" : [ {
                    "type" : "tx",
                    "phrase" : {
                      "type" : "ph",
                      "children" : [ {
                        "type" : "ch",
                        "text" : "Deborah Ann Harry (born Angela Trimble; July 1, 1945) is an American singer, songwriter and actress best known as the lead vocalist of the band Blondie. Four of her songs with the band reached  No. 1 on the US charts between 1979 and 1981.  Born in Miami, Florida, Harry was adopted as an  infant and raised in Hawthorne, New Jersey. After college she worked various jobs—as a dancer,  a Playboy Bunny, and a secretary (including at the BBC in New York)—before her breakthrough in  the music industry"
                      } ]
                    }
                  } ]
                }, {
                  "type" : "tt",
                  "margin" : {
                    "top" : 0.0,
                    "bottom" : 0.0,
                    "left" : 24.0,
                    "right" : 24.0
                  },
                  "table" : {
                    "type" : "t",
                    "columns" : 1,
                    "widthPercentage" : 100.0,
                    "children" : [ {
                      "type" : "tt",
                      "margin" : {
                        "top" : 0.0,
                        "bottom" : 0.0,
                        "left" : 0.0,
                        "right" : 0.0
                      },
                      "table" : {
                        "type" : "t",
                        "columns" : 2,
                        "widthPercentage" : 100.0,
                        "weights" : [ 1.0, 3.0 ],
                        "style" : 11,
                        "children" : [ {
                          "type" : "s",
                          "ref" : 12,
                          "children" : [ {
                            "type" : "tx",
                            "phrase" : {
                              "type" : "ph",
                              "children" : [ {
                                "type" : "ch",
                                "text" : "DOB"
                              } ]
                            }
                          } ]
                        }, {
                          "type" : "tx",
                          "phrase" : {
                            "type" : "ph",
                            "children" : [ {
                              "type" : "ch",
                              "text" : "1946-06-01"
                            } ]
                          }
                        }, {
                          "type" : "s",
                          "ref" : 13,
                          "children" : [ {
                            "type" : "tx",
                            "phrase" : {
                              "type" : "ph",
                              "children" : [ {
                                "type" : "ch",
                                "text" : "Address"
                              } ]
                            }
                          } ]
                        }, {
                          "type" : "tx",
                          "phrase" : {
                            "type" : "ph",
                            "children" : [ {
                              "type" : "ch",
                              "text" : "Miami, Florida, U.S.."
                            } ]
                          }
                        } ]
                      }
                    } ]
                  }
                }, {
                  "type" : "tx",
                  "phrase" : {
                    "type" : "ph",
                    "children" : [ {
                      "type" : "ch",
                      "text" : " "
                    } ]
                  }
                } ]
              }
            } ]
          } ]
        } ]
      } ]
    },
    "blockContent" : { }
  } ],
  "metadata" : {
    "title" : "Hitchhiker's Guide to the Galaxy",
    "author" : "Douglas Adams",
    "subject" : "Science Fiction",
    "keywords" : "42",
    "creator" : "io.pdf4k",
    "producer" : "io.pdf4k",
    "customProperties" : {
      "CUSTOM_KEY" : "CUSTOM_KEY Value",
      "ANOTHER_CUSTOM_KEY" : "ANOTHER_CUSTOM_KEY Value"
    }
  },
  "signature" : {
    "keyName" : "key-name",
    "reason" : "Test signing a PDF",
    "location" : "Bedford Taxi",
    "contact" : "01234567890",
    "signDateUtc" : 1356220800.000000000
  },
  "permissions" : {
    "userPassword" : "userPass",
    "ownerPassword" : "ownerPass",
    "permissions" : [ "Print", "ModifyContents", "Copy", "ModifyAnnotations", "FillIn", "ScreenReaders", "Assembly", "DegradedPrint" ]
  }
}